args: ('Test Customer', 'Star Wars', 0, 2) => 'Rental Record for Test Customer\n\tStar Wars\t0\nAmount owed is 2\nYou earned 1 frequent renter points'
args: ('Test Customer', 'Star Wars', 0, 3) => 'Rental Record for Test Customer\n\tStar Wars\t1.5\nAmount owed is 3.5\nYou earned 1 frequent renter points'
args: ('Test Customer', 'Star Wars', 0, 4) => 'Rental Record for Test Customer\n\tStar Wars\t3.0\nAmount owed is 5.0\nYou earned 1 frequent renter points'
args: ('Test Customer', 'Star Wars', 2, 2) => 'Rental Record for Test Customer\n\tStar Wars\t0\nAmount owed is 1.5\nYou earned 1 frequent renter points'
args: ('Test Customer', 'Star Wars', 2, 3) => 'Rental Record for Test Customer\n\tStar Wars\t0\nAmount owed is 1.5\nYou earned 1 frequent renter points'
args: ('Test Customer', 'Star Wars', 2, 4) => 'Rental Record for Test Customer\n\tStar Wars\t1.5\nAmount owed is 3.0\nYou earned 1 frequent renter points'
args: ('Test Customer', 'Star Wars', 1, 2) => 'Rental Record for Test Customer\n\tStar Wars\t0\nAmount owed is 6\nYou earned 2 frequent renter points'
args: ('Test Customer', 'Star Wars', 1, 3) => 'Rental Record for Test Customer\n\tStar Wars\t0\nAmount owed is 9\nYou earned 2 frequent renter points'
args: ('Test Customer', 'Star Wars', 1, 4) => 'Rental Record for Test Customer\n\tStar Wars\t0\nAmount owed is 12\nYou earned 2 frequent renter points'
